// Vitest Snapshot v1, https://vitest.dev/guide/snapshot.html

exports[`App Component > renders the app component 1`] = `
<div>
  <div
    class="_navbar_278c00"
  >
    <div
      class="_navbarLeft_278c00"
    >
      <a
        href="/"
      >
        <h1
          class="_title_278c00"
        >
          SATO.
        </h1>
      </a>
      <a
        href="/store"
      >
        <h3
          class="_store_278c00"
        >
          Store
        </h3>
      </a>
    </div>
    <div
      class="_navbarRight_278c00"
    >
      <a
        href="/bag"
      >
        <h3
          data-testid="number-bag-items"
        >
          Bag (
          0
          )
        </h3>
      </a>
    </div>
  </div>
</div>
`;

exports[`App Component > renders the home component 1`] = `
<div>
  <h1
    class="_title_8d9e9b"
  >
    Welcome to SATO.
  </h1>
  <h3
    class="_summary_8d9e9b"
  >
    Discover our selection of electronics
  </h3>
  <a
    href="/store"
  >
    <button
      class="_shopButton_8d9e9b"
    >
      Shop now
    </button>
  </a>
</div>
`;

exports[`App Component > renders the navbar component 1`] = `
<div>
  <div
    class="_navbar_278c00"
  >
    <div
      class="_navbarLeft_278c00"
    >
      <a
        href="/"
      >
        <h1
          class="_title_278c00"
        >
          SATO.
        </h1>
      </a>
      <a
        href="/store"
      >
        <h3
          class="_store_278c00"
        >
          Store
        </h3>
      </a>
    </div>
    <div
      class="_navbarRight_278c00"
    >
      <a
        href="/bag"
      >
        <h3
          data-testid="number-bag-items"
        >
          Bag (
          )
        </h3>
      </a>
    </div>
  </div>
</div>
`;
