// Vitest Snapshot v1, https://vitest.dev/guide/snapshot.html

exports[`App Component > render the navbar component 1`] = `
<div>
  <div
    class="_navbar_278c00"
  >
    <div
      class="_navbarLeft_278c00"
    >
      <a
        href="/"
      >
        <h1
          class="_title_278c00"
        >
          fruits.
        </h1>
      </a>
      <a
        href="/store"
      >
        <h3
          class="_store_278c00"
        >
          Store
        </h3>
      </a>
    </div>
    <div
      class="_navbarRight_278c00"
    >
      <a
        href="/bag"
      >
        <h3
          data-testid="number-bag-items"
        >
          Bag (
          )
        </h3>
      </a>
    </div>
  </div>
</div>
`;

exports[`App Component > renders home page 1`] = `
<div>
  <h1
    class="title"
  >
    Welcome to fruits.
  </h1>
  <h3
    class="summary"
  >
    Discover our selection of fresh fruits, bursting with flavor and vitality. Delivered straight from the farm to your table.
  </h3>
  <a
    href="/store"
  >
    <button
      class="shop-now"
    >
      Shop now
    </button>
  </a>
</div>
`;

exports[`App Component > renders the app component 1`] = `
<div>
  <div
    class="_navbar_278c00"
  >
    <div
      class="_navbarLeft_278c00"
    >
      <a
        href="/"
      >
        <h1
          class="_title_278c00"
        >
          fruits.
        </h1>
      </a>
      <a
        href="/store"
      >
        <h3
          class="_store_278c00"
        >
          Store
        </h3>
      </a>
    </div>
    <div
      class="_navbarRight_278c00"
    >
      <a
        href="/bag"
      >
        <h3
          data-testid="number-bag-items"
        >
          Bag (
          0
          )
        </h3>
      </a>
    </div>
  </div>
</div>
`;

exports[`App Component > renders the home component 1`] = `
<div>
  <h1
    class="title"
  >
    Welcome to fruits.
  </h1>
  <h3
    class="summary"
  >
    Discover our selection of fresh fruits, bursting with flavor and vitality. Delivered straight from the farm to your table.
  </h3>
  <a
    href="/store"
  >
    <button
      class="shop-now"
    >
      Shop now
    </button>
  </a>
</div>
`;

exports[`App Component > renders the navbar component 1`] = `
<div>
  <div
    class="_navbar_278c00"
  >
    <div
      class="_navbarLeft_278c00"
    >
      <a
        href="/"
      >
        <h1
          class="_title_278c00"
        >
          fruits.
        </h1>
      </a>
      <a
        href="/store"
      >
        <h3
          class="_store_278c00"
        >
          Store
        </h3>
      </a>
    </div>
    <div
      class="_navbarRight_278c00"
    >
      <a
        href="/bag"
      >
        <h3
          data-testid="number-bag-items"
        >
          Bag (
          )
        </h3>
      </a>
    </div>
  </div>
</div>
`;

exports[`App Component > should render the navbar component 1`] = `
<div>
  <div
    class="_navbar_278c00"
  >
    <div
      class="_navbarLeft_278c00"
    >
      <a
        href="/"
      >
        <h1
          class="_title_278c00"
        >
          fruits.
        </h1>
      </a>
      <a
        href="/store"
      >
        <h3
          class="_store_278c00"
        >
          Store
        </h3>
      </a>
    </div>
    <div
      class="_navbarRight_278c00"
    >
      <a
        href="/bag"
      >
        <h3
          data-testid="number-bag-items"
        >
          Bag (
          )
        </h3>
      </a>
    </div>
  </div>
</div>
`;

exports[`Home Component > renders the home component 1`] = `
<div>
  <h1
    class="title"
  >
    Welcome to fruits.
  </h1>
  <h3
    class="summary"
  >
    Discover our selection of fresh fruits, bursting with flavor and vitality. Delivered straight from the farm to your table.
  </h3>
  <a
    href="/store"
  >
    <button
      class="shop-now"
    >
      Shop now
    </button>
  </a>
</div>
`;

exports[`Home Component > should render the home component 1`] = `
<div>
  <h1
    class="title"
  >
    Welcome to fruits.
  </h1>
  <h3
    class="summary"
  >
    Discover our selection of fresh fruits, bursting with flavor and vitality. Delivered straight from the farm to your table.
  </h3>
  <a
    href="/store"
  >
    <button
      class="shop-now"
    >
      Shop now
    </button>
  </a>
</div>
`;

exports[`Home Component > should render the navbar component 1`] = `
<div>
  <div
    class="_navbar_278c00"
  >
    <div
      class="_navbarLeft_278c00"
    >
      <a
        href="/"
      >
        <h1
          class="_title_278c00"
        >
          fruits.
        </h1>
      </a>
      <a
        href="/store"
      >
        <h3
          class="_store_278c00"
        >
          Store
        </h3>
      </a>
    </div>
    <div
      class="_navbarRight_278c00"
    >
      <a
        href="/bag"
      >
        <h3
          data-testid="number-bag-items"
        >
          Bag (
          )
        </h3>
      </a>
    </div>
  </div>
</div>
`;

exports[`Navbar Component > should render nav and match snapshot 1`] = `
<div>
  <div
    class="_navbar_278c00"
  >
    <div
      class="_navbarLeft_278c00"
    >
      <a
        href="/"
      >
        <h1
          class="_title_278c00"
        >
          fruits.
        </h1>
      </a>
      <a
        href="/store"
      >
        <h3
          class="_store_278c00"
        >
          Store
        </h3>
      </a>
    </div>
    <div
      class="_navbarRight_278c00"
    >
      <a
        href="/bag"
      >
        <h3
          data-testid="number-bag-items"
        >
          Bag (
          )
        </h3>
      </a>
    </div>
  </div>
</div>
`;
