// Vitest Snapshot v1, https://vitest.dev/guide/snapshot.html

exports[`Home Component > renders the home component and match snapshot 1`] = `
<div>
  <div
    class="_home_8d9e9b"
  >
    <div>
      <h1
        class="_title_8d9e9b"
      >
        Welcome to SATO.
      </h1>
      <h3
        class="_summary_8d9e9b"
      >
        Discover our selection of electronics
      </h3>
      <a
        href="/store"
      >
        <button
          class="_shopButton_8d9e9b"
        >
          Shop now
        </button>
      </a>
    </div>
    <img
      alt=""
      src="./images/sankdisk.png"
    />
  </div>
</div>
`;
